BL51 BANKED LINKER/LOCATER V6.22                                                        05/27/2025  14:42:26  PAGE 1


BL51 BANKED LINKER/LOCATER V6.22, INVOKED BY:
BL51.EXE TEST_ROUTINE.OBJ, C:\XINGYAN\STAR51.LIB TO TEST_OBJECT.ABS RS (256)


MEMORY MODEL: SMALL WITH FLOATING POINT ARITHMETIC


INPUT MODULES INCLUDED:
  TEST_ROUTINE.OBJ (TEST_ROUTINE)
  C:\KEIL_V5\C51\LIB\C51FPS.LIB (?C?FPMUL)
  C:\KEIL_V5\C51\LIB\C51FPS.LIB (?C?FCAST)
  C:\KEIL_V5\C51\LIB\C51FPS.LIB (?C?CASTF)
  C:\KEIL_V5\C51\LIB\C51FPS.LIB (?C?FPGETOPN)
  C:\KEIL_V5\C51\LIB\C51S.LIB (?C_STARTUP)
  C:\KEIL_V5\C51\LIB\C51S.LIB (?C?CLDPTR)
  C:\KEIL_V5\C51\LIB\C51S.LIB (?C?IMUL)
  C:\KEIL_V5\C51\LIB\C51S.LIB (?C?UIDIV)
  C:\KEIL_V5\C51\LIB\C51S.LIB (?C?LNEG)
  C:\KEIL_V5\C51\LIB\C51S.LIB (?C_INIT)


LINK MAP OF MODULE:  TEST_OBJECT.ABS (TEST_ROUTINE)


            TYPE    BASE      LENGTH    RELOCATION   SEGMENT NAME
            -----------------------------------------------------

            * * * * * * *   D A T A   M E M O R Y   * * * * * * *
            REG     0000H     0008H     ABSOLUTE     "REG BANK 0"
            DATA    0008H     000BH     UNIT         _DATA_GROUP_
                    0013H     000DH                  *** GAP ***
            BIT     0020H.0   0000H.2   UNIT         ?BI?TEST_ROUTINE
                    0020H.2   0000H.6                *** GAP ***
            DATA    0021H     0027H     UNIT         ?DT?TEST_ROUTINE
            IDATA   0048H     0001H     UNIT         ?STACK

            * * * * * * *   C O D E   M E M O R Y   * * * * * * *
            CODE    0000H     0003H     ABSOLUTE     
            CODE    0003H     0003H     ABSOLUTE     
            CODE    0006H     0005H     UNIT         ?PR?TLC549_INIT?TEST_ROUTINE
            CODE    000BH     0003H     ABSOLUTE     
            CODE    000EH     0013H     UNIT         ?PR?DS18B20_RESET?TEST_ROUTINE
                    0021H     0002H                  *** GAP ***
            CODE    0023H     0003H     ABSOLUTE     
            CODE    0026H     09F8H     UNIT         ?CO?TEST_ROUTINE
            CODE    0A1EH     0253H     UNIT         ?C?LIB_CODE
            CODE    0C71H     015BH     UNIT         ?PR?RESULT_DISPLAY?TEST_ROUTINE
            CODE    0DCCH     00D3H     UNIT         ?PR?TEST_A2_16_16LED?TEST_ROUTINE
            CODE    0E9FH     00C7H     UNIT         ?PR?TEST_138?TEST_ROUTINE
            CODE    0F66H     00C3H     UNIT         ?PR?TEST_B4_ADC0809?TEST_ROUTINE
            CODE    1029H     0098H     UNIT         ?PR?TEST_D3_PCF?TEST_ROUTINE
            CODE    10C1H     0094H     UNIT         ?PR?UART_ISR?TEST_ROUTINE
            CODE    1155H     008CH     UNIT         ?C_C51STARTUP
            CODE    11E1H     008AH     UNIT         ?PR?DS18B20_READ_TEMPERTURE?TEST_ROUTINE
            CODE    126BH     0088H     UNIT         ?PR?TEST_F8_DS18B20?TEST_ROUTINE
            CODE    12F3H     0086H     UNIT         ?PR?TEST_B2_TLC549?TEST_ROUTINE
            CODE    1379H     0085H     UNIT         ?PR?TEST_D1_STEPMOTOR?TEST_ROUTINE
            CODE    13FEH     0077H     UNIT         ?PR?TEST_D3_24C02?TEST_ROUTINE
BL51 BANKED LINKER/LOCATER V6.22                                                      05/27/2025  14:42:26  PAGE 2


            CODE    1475H     006EH     UNIT         ?PR?TEST_C2_TLC561?TEST_ROUTINE
            CODE    14E3H     006AH     UNIT         ?PR?TEST_CHUANBIN?TEST_ROUTINE
            CODE    154DH     0069H     UNIT         ?PR?TEST_8LED?TEST_ROUTINE
            CODE    15B6H     0062H     UNIT         ?PR?TEST_B3_DAC0832?TEST_ROUTINE
            CODE    1618H     005FH     UNIT         ?PR?_INT_TO_CHAR?TEST_ROUTINE
            CODE    1677H     005EH     UNIT         ?PR?TEST_B1_ISD1420?TEST_ROUTINE
            CODE    16D5H     0058H     UNIT         ?PR?TEST_HC244_HC273?TEST_ROUTINE
            CODE    172DH     0058H     UNIT         ?PR?TEST_8ANJIAN?TEST_ROUTINE
            CODE    1785H     0058H     UNIT         ?PR?TEST_8KAIGUAN?TEST_ROUTINE
            CODE    17DDH     0056H     UNIT         ?PR?TEST_RELAY?TEST_ROUTINE
            CODE    1833H     0053H     UNIT         ?PR?TEST_SMGANJIAN?TEST_ROUTINE
            CODE    1886H     0051H     UNIT         ?PR?TEST_MULTI_IO_MODULE?TEST_ROUTINE
            CODE    18D7H     004FH     UNIT         ?PR?TEST_BUZZER?TEST_ROUTINE
            CODE    1926H     004DH     UNIT         ?PR?TEST_MOTOR?TEST_ROUTINE
            CODE    1973H     004AH     UNIT         ?PR?TEST_SINGLE_IO_MODULE?TEST_ROUTINE
            CODE    19BDH     0049H     UNIT         ?PR?TEST_8255_MODULE?TEST_ROUTINE
            CODE    1A06H     0049H     UNIT         ?PR?TEST_AD_MODULE?TEST_ROUTINE
            CODE    1A4FH     0047H     UNIT         ?PR?MAIN?TEST_ROUTINE
            CODE    1A96H     0041H     UNIT         ?PR?TEST_IIC_MODULE?TEST_ROUTINE
            CODE    1AD7H     003FH     UNIT         ?PR?DS18B20_CHECK?TEST_ROUTINE
            CODE    1B16H     003DH     UNIT         ?PR?INT0_ISR?TEST_ROUTINE
            CODE    1B53H     003CH     UNIT         ?PR?SMG_ANJIAN?TEST_ROUTINE
            CODE    1B8FH     0036H     UNIT         ?PR?_IIC_WRITE_BYTE?TEST_ROUTINE
            CODE    1BC5H     0034H     UNIT         ?PR?_TLC5615_WRITE?TEST_ROUTINE
            CODE    1BF9H     0032H     UNIT         ?PR?_IIC_READ?TEST_ROUTINE
            CODE    1C2BH     0031H     UNIT         ?PR?_DS18B20_WRITE_BYTE?TEST_ROUTINE
            CODE    1C5CH     0031H     UNIT         ?PR?_IIC_READ_BYTE?TEST_ROUTINE
            CODE    1C8DH     002CH     UNIT         ?PR?_IIC_WRITE?TEST_ROUTINE
            CODE    1CB9H     0025H     UNIT         ?PR?_UART_SENDSTRING?TEST_ROUTINE
            CODE    1CDEH     0025H     UNIT         ?PR?IIC_START?TEST_ROUTINE
            CODE    1D03H     0020H     UNIT         ?PR?_DELAYMS?TEST_ROUTINE
            CODE    1D23H     001FH     UNIT         ?PR?SHOW_HOME_PAGE?TEST_ROUTINE
            CODE    1D42H     001FH     UNIT         ?PR?_HC164_SENDBYTE?TEST_ROUTINE
            CODE    1D61H     001FH     UNIT         ?PR?IIC_WAIT_ACK?TEST_ROUTINE
            CODE    1D80H     001DH     UNIT         ?PR?HC165_READBYTE?TEST_ROUTINE
            CODE    1D9DH     001DH     UNIT         ?PR?DS18B20_READ_BYTE?TEST_ROUTINE
            CODE    1DBAH     001CH     UNIT         ?PR?DS18B20_READ_BIT?TEST_ROUTINE
            CODE    1DD6H     001CH     UNIT         ?PR?IIC_STOP?TEST_ROUTINE
            CODE    1DF2H     001AH     UNIT         ?PR?TLC549_READBYTE?TEST_ROUTINE
            CODE    1E0CH     0017H     UNIT         ?PR?IIC_ACK?TEST_ROUTINE
            CODE    1E23H     0017H     UNIT         ?PR?IIC_NACK?TEST_ROUTINE
            CODE    1E3AH     0013H     UNIT         ?PR?UART_INIT?TEST_ROUTINE
            CODE    1E4DH     0012H     UNIT         ?C_INITSEG
            CODE    1E5FH     0011H     UNIT         ?PR?DS18B20_START?TEST_ROUTINE
            CODE    1E70H     000CH     UNIT         ?PR?_ZLG7290_SETLED?TEST_ROUTINE
            CODE    1E7CH     000BH     UNIT         ?PR?_DELAY_10US?TEST_ROUTINE
            CODE    1E87H     0008H     UNIT         ?PR?_UART_SENDBYTE?TEST_ROUTINE
            CODE    1E8FH     0008H     UNIT         ?PR?ZLG7290_READKEY?TEST_ROUTINE
            CODE    1E97H     0007H     UNIT         ?PR?DS18B20_INIT?TEST_ROUTINE
            CODE    1E9EH     0007H     UNIT         ?PR?INT0_INIT?TEST_ROUTINE
            CODE    1EA5H     0003H     UNIT         ?PR?T0X?TEST_ROUTINE



OVERLAY MAP OF MODULE:   TEST_OBJECT.ABS (TEST_ROUTINE)


BL51 BANKED LINKER/LOCATER V6.22                                                      05/27/2025  14:42:26  PAGE 3


SEGMENT                                            DATA_GROUP 
  +--> CALLED SEGMENT                            START    LENGTH
----------------------------------------------------------------
?PR?INT0_ISR?TEST_ROUTINE                        -----    -----
  +--> ?PR?ZLG7290_READKEY?TEST_ROUTINE

?PR?ZLG7290_READKEY?TEST_ROUTINE                 -----    -----
  +--> ?PR?_IIC_READ?TEST_ROUTINE

?PR?_IIC_READ?TEST_ROUTINE                       000AH    0001H
  +--> ?PR?IIC_START?TEST_ROUTINE
  +--> ?PR?_IIC_WRITE_BYTE?TEST_ROUTINE
  +--> ?PR?IIC_WAIT_ACK?TEST_ROUTINE
  +--> ?PR?_IIC_READ_BYTE?TEST_ROUTINE
  +--> ?PR?IIC_STOP?TEST_ROUTINE

?PR?IIC_START?TEST_ROUTINE                       -----    -----
  +--> ?PR?_DELAY_10US?TEST_ROUTINE

?PR?_IIC_WRITE_BYTE?TEST_ROUTINE                 -----    -----
  +--> ?PR?_DELAY_10US?TEST_ROUTINE

?PR?IIC_WAIT_ACK?TEST_ROUTINE                    -----    -----
  +--> ?PR?_DELAY_10US?TEST_ROUTINE
  +--> ?PR?IIC_STOP?TEST_ROUTINE

?PR?IIC_STOP?TEST_ROUTINE                        -----    -----
  +--> ?PR?_DELAY_10US?TEST_ROUTINE

?PR?_IIC_READ_BYTE?TEST_ROUTINE                  -----    -----
  +--> ?PR?_DELAY_10US?TEST_ROUTINE
  +--> ?PR?IIC_NACK?TEST_ROUTINE
  +--> ?PR?IIC_ACK?TEST_ROUTINE

?PR?IIC_NACK?TEST_ROUTINE                        -----    -----
  +--> ?PR?_DELAY_10US?TEST_ROUTINE

?PR?IIC_ACK?TEST_ROUTINE                         -----    -----
  +--> ?PR?_DELAY_10US?TEST_ROUTINE

*** NEW ROOT ***************************************************

?C_C51STARTUP                                    -----    -----
  +--> ?PR?MAIN?TEST_ROUTINE
  +--> ?C_INITSEG

?PR?MAIN?TEST_ROUTINE                            -----    -----
  +--> ?PR?UART_INIT?TEST_ROUTINE
  +--> ?PR?TEST_SINGLE_IO_MODULE?TEST_ROUTINE
  +--> ?PR?TEST_MULTI_IO_MODULE?TEST_ROUTINE
  +--> ?PR?TEST_8255_MODULE?TEST_ROUTINE
  +--> ?PR?TEST_IIC_MODULE?TEST_ROUTINE
  +--> ?PR?TEST_AD_MODULE?TEST_ROUTINE
  +--> ?PR?RESULT_DISPLAY?TEST_ROUTINE
  +--> ?PR?SHOW_HOME_PAGE?TEST_ROUTINE

?PR?TEST_SINGLE_IO_MODULE?TEST_ROUTINE           -----    -----
BL51 BANKED LINKER/LOCATER V6.22                                                      05/27/2025  14:42:26  PAGE 4


  +--> ?CO?TEST_ROUTINE
  +--> ?PR?_UART_SENDSTRING?TEST_ROUTINE
  +--> ?PR?TEST_RELAY?TEST_ROUTINE
  +--> ?PR?TEST_MOTOR?TEST_ROUTINE
  +--> ?PR?TEST_BUZZER?TEST_ROUTINE
  +--> ?PR?TEST_F8_DS18B20?TEST_ROUTINE

?PR?_UART_SENDSTRING?TEST_ROUTINE                000DH    0003H
  +--> ?PR?_UART_SENDBYTE?TEST_ROUTINE

?PR?TEST_RELAY?TEST_ROUTINE                      -----    -----
  +--> ?CO?TEST_ROUTINE
  +--> ?PR?_UART_SENDSTRING?TEST_ROUTINE

?PR?TEST_MOTOR?TEST_ROUTINE                      -----    -----
  +--> ?CO?TEST_ROUTINE
  +--> ?PR?_UART_SENDSTRING?TEST_ROUTINE

?PR?TEST_BUZZER?TEST_ROUTINE                     -----    -----
  +--> ?CO?TEST_ROUTINE
  +--> ?PR?_UART_SENDSTRING?TEST_ROUTINE

?PR?TEST_F8_DS18B20?TEST_ROUTINE                 0009H    0002H
  +--> ?CO?TEST_ROUTINE
  +--> ?PR?_UART_SENDSTRING?TEST_ROUTINE
  +--> ?PR?DS18B20_INIT?TEST_ROUTINE
  +--> ?PR?DS18B20_READ_TEMPERTURE?TEST_ROUTINE
  +--> ?PR?_INT_TO_CHAR?TEST_ROUTINE
  +--> ?PR?_UART_SENDBYTE?TEST_ROUTINE
  +--> ?PR?_DELAYMS?TEST_ROUTINE

?PR?DS18B20_INIT?TEST_ROUTINE                    -----    -----
  +--> ?PR?DS18B20_RESET?TEST_ROUTINE
  +--> ?PR?DS18B20_CHECK?TEST_ROUTINE

?PR?DS18B20_RESET?TEST_ROUTINE                   -----    -----
  +--> ?PR?_DELAY_10US?TEST_ROUTINE

?PR?DS18B20_CHECK?TEST_ROUTINE                   -----    -----
  +--> ?PR?_DELAY_10US?TEST_ROUTINE

?PR?DS18B20_READ_TEMPERTURE?TEST_ROUTINE         000BH    0008H
  +--> ?PR?DS18B20_START?TEST_ROUTINE
  +--> ?PR?DS18B20_RESET?TEST_ROUTINE
  +--> ?PR?DS18B20_CHECK?TEST_ROUTINE
  +--> ?PR?_DS18B20_WRITE_BYTE?TEST_ROUTINE
  +--> ?PR?DS18B20_READ_BYTE?TEST_ROUTINE

?PR?DS18B20_START?TEST_ROUTINE                   -----    -----
  +--> ?PR?DS18B20_RESET?TEST_ROUTINE
  +--> ?PR?DS18B20_CHECK?TEST_ROUTINE
  +--> ?PR?_DS18B20_WRITE_BYTE?TEST_ROUTINE

?PR?_DS18B20_WRITE_BYTE?TEST_ROUTINE             -----    -----
  +--> ?PR?_DELAY_10US?TEST_ROUTINE

?PR?DS18B20_READ_BYTE?TEST_ROUTINE               -----    -----
BL51 BANKED LINKER/LOCATER V6.22                                                      05/27/2025  14:42:26  PAGE 5


  +--> ?PR?DS18B20_READ_BIT?TEST_ROUTINE

?PR?DS18B20_READ_BIT?TEST_ROUTINE                -----    -----
  +--> ?PR?_DELAY_10US?TEST_ROUTINE

?PR?_DELAYMS?TEST_ROUTINE                        000DH    0002H

?PR?TEST_MULTI_IO_MODULE?TEST_ROUTINE            -----    -----
  +--> ?CO?TEST_ROUTINE
  +--> ?PR?_UART_SENDSTRING?TEST_ROUTINE
  +--> ?PR?TEST_HC244_HC273?TEST_ROUTINE
  +--> ?PR?TEST_CHUANBIN?TEST_ROUTINE
  +--> ?PR?TEST_138?TEST_ROUTINE
  +--> ?PR?TEST_B1_ISD1420?TEST_ROUTINE
  +--> ?PR?TEST_D1_STEPMOTOR?TEST_ROUTINE

?PR?TEST_HC244_HC273?TEST_ROUTINE                -----    -----
  +--> ?CO?TEST_ROUTINE
  +--> ?PR?_UART_SENDSTRING?TEST_ROUTINE

?PR?TEST_CHUANBIN?TEST_ROUTINE                   0009H    0001H
  +--> ?CO?TEST_ROUTINE
  +--> ?PR?_UART_SENDSTRING?TEST_ROUTINE
  +--> ?PR?HC165_READBYTE?TEST_ROUTINE
  +--> ?PR?_HC164_SENDBYTE?TEST_ROUTINE
  +--> ?PR?_DELAYMS?TEST_ROUTINE

?PR?TEST_138?TEST_ROUTINE                        -----    -----
  +--> ?CO?TEST_ROUTINE
  +--> ?PR?_UART_SENDSTRING?TEST_ROUTINE
  +--> ?PR?_DELAYMS?TEST_ROUTINE

?PR?TEST_B1_ISD1420?TEST_ROUTINE                 -----    -----
  +--> ?CO?TEST_ROUTINE
  +--> ?PR?_UART_SENDSTRING?TEST_ROUTINE
  +--> ?PR?_DELAYMS?TEST_ROUTINE

?PR?TEST_D1_STEPMOTOR?TEST_ROUTINE               -----    -----
  +--> ?CO?TEST_ROUTINE
  +--> ?PR?_UART_SENDSTRING?TEST_ROUTINE
  +--> ?PR?_DELAYMS?TEST_ROUTINE

?PR?TEST_8255_MODULE?TEST_ROUTINE                -----    -----
  +--> ?CO?TEST_ROUTINE
  +--> ?PR?_UART_SENDSTRING?TEST_ROUTINE
  +--> ?PR?TEST_A2_16_16LED?TEST_ROUTINE
  +--> ?PR?TEST_8LED?TEST_ROUTINE
  +--> ?PR?TEST_8ANJIAN?TEST_ROUTINE
  +--> ?PR?TEST_8KAIGUAN?TEST_ROUTINE

?PR?TEST_A2_16_16LED?TEST_ROUTINE                -----    -----
  +--> ?CO?TEST_ROUTINE
  +--> ?PR?_UART_SENDSTRING?TEST_ROUTINE
  +--> ?PR?_DELAYMS?TEST_ROUTINE

?PR?TEST_8LED?TEST_ROUTINE                       -----    -----
  +--> ?CO?TEST_ROUTINE
BL51 BANKED LINKER/LOCATER V6.22                                                      05/27/2025  14:42:26  PAGE 6


  +--> ?PR?_UART_SENDSTRING?TEST_ROUTINE
  +--> ?PR?_DELAYMS?TEST_ROUTINE

?PR?TEST_8ANJIAN?TEST_ROUTINE                    -----    -----
  +--> ?CO?TEST_ROUTINE
  +--> ?PR?_UART_SENDSTRING?TEST_ROUTINE

?PR?TEST_8KAIGUAN?TEST_ROUTINE                   -----    -----
  +--> ?CO?TEST_ROUTINE
  +--> ?PR?_UART_SENDSTRING?TEST_ROUTINE

?PR?TEST_IIC_MODULE?TEST_ROUTINE                 -----    -----
  +--> ?CO?TEST_ROUTINE
  +--> ?PR?_UART_SENDSTRING?TEST_ROUTINE
  +--> ?PR?TEST_D3_24C02?TEST_ROUTINE
  +--> ?PR?TEST_D3_PCF?TEST_ROUTINE
  +--> ?PR?TEST_SMGANJIAN?TEST_ROUTINE

?PR?TEST_D3_24C02?TEST_ROUTINE                   -----    -----
  +--> ?CO?TEST_ROUTINE
  +--> ?PR?_UART_SENDSTRING?TEST_ROUTINE
  +--> ?PR?_IIC_WRITE?TEST_ROUTINE
  +--> ?PR?_IIC_READ?TEST_ROUTINE
  +--> ?PR?_DELAYMS?TEST_ROUTINE

?PR?_IIC_WRITE?TEST_ROUTINE                      0009H    0001H
  +--> ?PR?IIC_START?TEST_ROUTINE
  +--> ?PR?_IIC_WRITE_BYTE?TEST_ROUTINE
  +--> ?PR?IIC_WAIT_ACK?TEST_ROUTINE
  +--> ?PR?IIC_STOP?TEST_ROUTINE
  +--> ?PR?_DELAYMS?TEST_ROUTINE

?PR?TEST_D3_PCF?TEST_ROUTINE                     0009H    0001H
  +--> ?CO?TEST_ROUTINE
  +--> ?PR?_UART_SENDSTRING?TEST_ROUTINE
  +--> ?PR?_IIC_READ?TEST_ROUTINE
  +--> ?PR?_INT_TO_CHAR?TEST_ROUTINE
  +--> ?PR?_UART_SENDBYTE?TEST_ROUTINE
  +--> ?PR?_DELAYMS?TEST_ROUTINE

?PR?TEST_SMGANJIAN?TEST_ROUTINE                  -----    -----
  +--> ?PR?INT0_INIT?TEST_ROUTINE
  +--> ?CO?TEST_ROUTINE
  +--> ?PR?_UART_SENDSTRING?TEST_ROUTINE
  +--> ?PR?SMG_ANJIAN?TEST_ROUTINE

?PR?SMG_ANJIAN?TEST_ROUTINE                      -----    -----
  +--> ?PR?_ZLG7290_SETLED?TEST_ROUTINE

?PR?_ZLG7290_SETLED?TEST_ROUTINE                 -----    -----
  +--> ?PR?_IIC_WRITE?TEST_ROUTINE

?PR?TEST_AD_MODULE?TEST_ROUTINE                  -----    -----
  +--> ?CO?TEST_ROUTINE
  +--> ?PR?_UART_SENDSTRING?TEST_ROUTINE
  +--> ?PR?TEST_B2_TLC549?TEST_ROUTINE
  +--> ?PR?TEST_B4_ADC0809?TEST_ROUTINE
BL51 BANKED LINKER/LOCATER V6.22                                                      05/27/2025  14:42:26  PAGE 7


  +--> ?PR?TEST_C2_TLC561?TEST_ROUTINE
  +--> ?PR?TEST_B3_DAC0832?TEST_ROUTINE

?PR?TEST_B2_TLC549?TEST_ROUTINE                  0009H    0001H
  +--> ?CO?TEST_ROUTINE
  +--> ?PR?_UART_SENDSTRING?TEST_ROUTINE
  +--> ?PR?TLC549_INIT?TEST_ROUTINE
  +--> ?PR?TLC549_READBYTE?TEST_ROUTINE
  +--> ?PR?_INT_TO_CHAR?TEST_ROUTINE
  +--> ?PR?_UART_SENDBYTE?TEST_ROUTINE
  +--> ?PR?_DELAYMS?TEST_ROUTINE

?PR?TEST_B4_ADC0809?TEST_ROUTINE                 0009H    0004H
  +--> ?CO?TEST_ROUTINE
  +--> ?PR?_UART_SENDSTRING?TEST_ROUTINE
  +--> ?PR?_INT_TO_CHAR?TEST_ROUTINE
  +--> ?PR?_UART_SENDBYTE?TEST_ROUTINE
  +--> ?PR?_DELAYMS?TEST_ROUTINE

?PR?TEST_C2_TLC561?TEST_ROUTINE                  -----    -----
  +--> ?CO?TEST_ROUTINE
  +--> ?PR?_UART_SENDSTRING?TEST_ROUTINE
  +--> ?PR?_TLC5615_WRITE?TEST_ROUTINE
  +--> ?PR?_DELAYMS?TEST_ROUTINE

?PR?TEST_B3_DAC0832?TEST_ROUTINE                 -----    -----
  +--> ?CO?TEST_ROUTINE
  +--> ?PR?_UART_SENDSTRING?TEST_ROUTINE
  +--> ?PR?_DELAYMS?TEST_ROUTINE

?PR?RESULT_DISPLAY?TEST_ROUTINE                  -----    -----
  +--> ?CO?TEST_ROUTINE
  +--> ?PR?_UART_SENDSTRING?TEST_ROUTINE
  +--> ?PR?_UART_SENDBYTE?TEST_ROUTINE

?PR?SHOW_HOME_PAGE?TEST_ROUTINE                  -----    -----
  +--> ?CO?TEST_ROUTINE
  +--> ?PR?_UART_SENDSTRING?TEST_ROUTINE



SYMBOL TABLE OF MODULE:  TEST_OBJECT.ABS (TEST_ROUTINE)

  VALUE           TYPE          NAME
  ----------------------------------

  -------         MODULE        TEST_ROUTINE
  C:0000H         SYMBOL        _ICE_DUMMY_
  C:0C71H         PUBLIC        result_display
  C:12F3H         PUBLIC        test_B2_TLC549
  D:0090H         PUBLIC        P1
  D:00B0H         PUBLIC        P3
  B:00A8H.7       PUBLIC        EA
  D:0021H         PUBLIC        rx_buf
  C:10C1H         PUBLIC        UART_ISR
  C:1973H         PUBLIC        test_single_IO_module
  C:000EH         PUBLIC        ds18b20_reset
BL51 BANKED LINKER/LOCATER V6.22                                                      05/27/2025  14:42:26  PAGE 8


  D:00A8H         PUBLIC        IE
  B:0090H.0       PUBLIC        IIC_SDA
  C:15B6H         PUBLIC        test_B3_DAC0832
  C:154DH         PUBLIC        test_8led
  C:1618H         PUBLIC        _int_to_char
  C:1A06H         PUBLIC        test_AD_module
  C:1E9EH         PUBLIC        INT0_Init
  C:1886H         PUBLIC        test_Multi_IO_module
  C:0F66H         PUBLIC        test_B4_ADC0809
  B:0090H.2       PUBLIC        HC165_SH_LD
  B:0090H.4       PUBLIC        CS
  B:00A8H.4       PUBLIC        ES
  C:1E5FH         PUBLIC        ds18b20_start
  B:0020H.0       PUBLIC        INT0_flag
  B:0090H.1       PUBLIC        IIC_SCL
  D:00B8H         PUBLIC        IP
  B:0090H.3       PUBLIC        DATA
  B:0098H.0       PUBLIC        RI
  C:1D9DH         PUBLIC        ds18b20_read_byte
  B:0098H.1       PUBLIC        TI
  C:1B53H         PUBLIC        smg_anjian
  C:1E97H         PUBLIC        ds18b20_init
  C:1D80H         PUBLIC        HC165_ReadByte
  C:1785H         PUBLIC        test_8Kaiguan
  C:1677H         PUBLIC        test_B1_ISD1420
  B:0090H.5       PUBLIC        HC164_DATA
  B:0090H.4       PUBLIC        HC165_DATA
  C:1BC5H         PUBLIC        _TLC5615_Write
  C:1E70H         PUBLIC        _ZLG7290_SetLED
  C:1CB9H         PUBLIC        _UART_SendString
  C:1A4FH         PUBLIC        main
  C:13FEH         PUBLIC        test_D3_24c02
  C:1DBAH         PUBLIC        ds18b20_read_bit
  C:126BH         PUBLIC        test_F8_DS18B20
  C:18D7H         PUBLIC        test_Buzzer
  C:1D42H         PUBLIC        _HC164_SendByte
  C:1C2BH         PUBLIC        _ds18b20_write_byte
  B:0090H.3       PUBLIC        SCLK
  C:172DH         PUBLIC        test_8Anjian
  D:0025H         PUBLIC        input_code
  D:0099H         PUBLIC        SBUF
  C:1D03H         PUBLIC        _DelayMs
  C:1BF9H         PUBLIC        _IIC_Read
  C:1E3AH         PUBLIC        UART_Init
  D:0098H         PUBLIC        SCON
  D:0089H         PUBLIC        TMOD
  D:0088H         PUBLIC        TCON
  C:1E23H         PUBLIC        iic_nack
  B:0090H.2       PUBLIC        eoc
  C:11E1H         PUBLIC        ds18b20_read_temperture
  B:0090H.3       PUBLIC        clk
  C:1E7CH         PUBLIC        _delay_10us
  D:0026H         PUBLIC        codevalue
  C:0E9FH         PUBLIC        test_138
  B:0090H.2       PUBLIC        A
  C:1833H         PUBLIC        test_smgAnjian
  C:1E87H         PUBLIC        _UART_SendByte
BL51 BANKED LINKER/LOCATER V6.22                                                      05/27/2025  14:42:26  PAGE 9


  D:0030H         PUBLIC        result_buf
  B:0090H.4       PUBLIC        C
  C:17DDH         PUBLIC        test_relay
  B:0090H.5       PUBLIC        D
  C:1A96H         PUBLIC        test_iic_module
  C:1C8DH         PUBLIC        _IIC_Write
  C:1E0CH         PUBLIC        iic_ack
  C:1CDEH         PUBLIC        iic_start
  B:00A8H.1       PUBLIC        ET0
  C:1E8FH         PUBLIC        ZLG7290_ReadKey
  C:1379H         PUBLIC        test_D1_stepMotor
  C:1C5CH         PUBLIC        _iic_read_byte
  D:008CH         PUBLIC        TH0
  B:0090H.2       PUBLIC        DS18B20_PORT
  B:00A8H.0       PUBLIC        EX0
  B:0088H.0       PUBLIC        IT0
  D:008DH         PUBLIC        TH1
  C:1D23H         PUBLIC        show_home_page
  D:008AH         PUBLIC        TL0
  B:0090H.7       PUBLIC        one_input_class
  D:008BH         PUBLIC        TL1
  C:16D5H         PUBLIC        test_hc244_hc273
  C:1029H         PUBLIC        test_D3_PCF
  B:0088H.4       PUBLIC        TR0
  C:1926H         PUBLIC        test_motor
  B:0088H.6       PUBLIC        TR1
  B:0090H.2       PUBLIC        CLK
  B:0090H.2       PUBLIC        REC
  B:0090H.2       PUBLIC        DIN
  C:1B8FH         PUBLIC        _iic_write_byte
  C:1D61H         PUBLIC        iic_wait_ack
  C:1DD6H         PUBLIC        iic_stop
  C:19BDH         PUBLIC        test_8255_module
  B:0090H.6       PUBLIC        HC164_CLK
  B:0090H.3       PUBLIC        HC165_CLK
  B:0020H.1       PUBLIC        rx_flag
  D:00C8H         PUBLIC        T2CON
  C:1AD7H         PUBLIC        ds18b20_check
  C:1B16H         PUBLIC        INT0_ISR
  C:14E3H         PUBLIC        test_chuanbin
  B:0090H.3       PUBLIC        B1
  D:0046H         PUBLIC        rx_count
  C:1475H         PUBLIC        test_C2_TLC561
  D:0047H         PUBLIC        key_code1
  D:00D0H         PUBLIC        PSW
  C:0DCCH         PUBLIC        test_A2_16_16LED
  C:1EA5H         PUBLIC        T0x
  C:1DF2H         PUBLIC        TLC549_ReadByte
  B:0090H.3       PUBLIC        PLAYE
  C:0006H         PUBLIC        TLC549_Init
  -------         PROC          MAIN
  C:1A4FH         LINE#         129
  C:1A4FH         LINE#         130
  C:1A4FH         LINE#         131
  C:1A52H         LINE#         132
  C:1A55H         LINE#         133
  C:1A55H         LINE#         134
BL51 BANKED LINKER/LOCATER V6.22                                                      05/27/2025  14:42:26  PAGE 10


  C:1A55H         LINE#         135
  C:1A70H         LINE#         137
  C:1A75H         LINE#         138
  C:1A7AH         LINE#         139
  C:1A7FH         LINE#         140
  C:1A84H         LINE#         141
  C:1A89H         LINE#         142
  C:1A8EH         LINE#         143
  C:1A93H         LINE#         144
  C:1A93H         LINE#         145
  C:1A93H         LINE#         146
  -------         ENDPROC       MAIN
  -------         PROC          SHOW_HOME_PAGE
  C:1D23H         LINE#         149
  C:1D23H         LINE#         150
  C:1D2CH         LINE#         151
  C:1D35H         LINE#         152
  C:1D41H         LINE#         153
  -------         ENDPROC       SHOW_HOME_PAGE
  -------         PROC          TEST_SINGLE_IO_MODULE
  C:1973H         LINE#         155
  C:1973H         LINE#         156
  C:1973H         LINE#         157
  C:197FH         LINE#         158
  C:1985H         LINE#         159
  C:1998H         LINE#         160
  C:19A6H         LINE#         161
  C:19ABH         LINE#         163
  C:19B0H         LINE#         164
  C:19B5H         LINE#         165
  C:19BAH         LINE#         166
  C:19BAH         LINE#         167
  C:19BAH         LINE#         168
  C:19BCH         LINE#         169
  -------         ENDPROC       TEST_SINGLE_IO_MODULE
  -------         PROC          TEST_MULTI_IO_MODULE
  C:1886H         LINE#         170
  C:1886H         LINE#         171
  C:1886H         LINE#         172
  C:1892H         LINE#         173
  C:1898H         LINE#         174
  C:18ADH         LINE#         175
  C:18BBH         LINE#         176
  C:18C0H         LINE#         177
  C:18C5H         LINE#         178
  C:18CAH         LINE#         179
  C:18CFH         LINE#         180
  C:18D4H         LINE#         181
  C:18D4H         LINE#         182
  C:18D4H         LINE#         183
  C:18D6H         LINE#         184
  -------         ENDPROC       TEST_MULTI_IO_MODULE
  -------         PROC          TEST_8255_MODULE
  C:19BDH         LINE#         185
  C:19BDH         LINE#         186
  C:19BDH         LINE#         187
  C:19C9H         LINE#         188
BL51 BANKED LINKER/LOCATER V6.22                                                      05/27/2025  14:42:26  PAGE 11


  C:19CFH         LINE#         189
  C:19E1H         LINE#         190
  C:19EFH         LINE#         191
  C:19F4H         LINE#         192
  C:19F9H         LINE#         193
  C:19FEH         LINE#         194
  C:1A03H         LINE#         195
  C:1A03H         LINE#         196
  C:1A03H         LINE#         197
  C:1A05H         LINE#         198
  -------         ENDPROC       TEST_8255_MODULE
  -------         PROC          TEST_IIC_MODULE
  C:1A96H         LINE#         199
  C:1A96H         LINE#         200
  C:1AA2H         LINE#         201
  C:1AA8H         LINE#         202
  C:1AB7H         LINE#         203
  C:1AC5H         LINE#         204
  C:1ACAH         LINE#         205
  C:1ACFH         LINE#         206
  C:1AD4H         LINE#         207
  C:1AD4H         LINE#         208
  C:1AD4H         LINE#         209
  C:1AD6H         LINE#         210
  -------         ENDPROC       TEST_IIC_MODULE
  -------         PROC          TEST_AD_MODULE
  C:1A06H         LINE#         211
  C:1A06H         LINE#         212
  C:1A06H         LINE#         213
  C:1A12H         LINE#         214
  C:1A18H         LINE#         215
  C:1A2AH         LINE#         216
  C:1A38H         LINE#         217
  C:1A3DH         LINE#         218
  C:1A42H         LINE#         219
  C:1A47H         LINE#         220
  C:1A4CH         LINE#         221
  C:1A4CH         LINE#         222
  C:1A4CH         LINE#         223
  C:1A4EH         LINE#         224
  -------         ENDPROC       TEST_AD_MODULE
  -------         PROC          TEST_RELAY
  C:17DDH         LINE#         226
  C:17DDH         LINE#         227
  C:17E6H         LINE#         228
  C:17EFH         LINE#         229
  C:17F4H         LINE#         230
  C:17FAH         LINE#         231
  C:180BH         LINE#         232
  C:1819H         LINE#         233
  C:181DH         LINE#         234
  C:1825H         LINE#         235
  C:182DH         LINE#         236
  C:182DH         LINE#         237
  C:182DH         LINE#         238
  C:182FH         LINE#         239
  C:1832H         LINE#         240
BL51 BANKED LINKER/LOCATER V6.22                                                      05/27/2025  14:42:26  PAGE 12


  -------         ENDPROC       TEST_RELAY
  -------         PROC          TEST_MOTOR
  C:1926H         LINE#         256
  C:1926H         LINE#         257
  C:1934H         LINE#         258
  C:193AH         LINE#         259
  C:194BH         LINE#         260
  C:1959H         LINE#         261
  C:195DH         LINE#         262
  C:1965H         LINE#         263
  C:196DH         LINE#         264
  C:196DH         LINE#         265
  C:196DH         LINE#         266
  C:196FH         LINE#         267
  C:1972H         LINE#         268
  -------         ENDPROC       TEST_MOTOR
  -------         PROC          TEST_BUZZER
  C:18D7H         LINE#         269
  C:18D7H         LINE#         270
  C:18E5H         LINE#         271
  C:18EBH         LINE#         272
  C:18FCH         LINE#         273
  C:190AH         LINE#         274
  C:190EH         LINE#         275
  C:1916H         LINE#         276
  C:191EH         LINE#         277
  C:191EH         LINE#         278
  C:191EH         LINE#         279
  C:1920H         LINE#         280
  C:1925H         LINE#         281
  -------         ENDPROC       TEST_BUZZER
  -------         PROC          TEST_HC244_HC273
  -------         DO            
  D:0007H         SYMBOL        i
  -------         ENDDO         
  C:16D5H         LINE#         283
  C:16D5H         LINE#         285
  C:16DEH         LINE#         286
  C:16EAH         LINE#         287
  C:16F0H         LINE#         288
  C:1701H         LINE#         289
  C:170FH         LINE#         290
  C:1717H         LINE#         291
  C:171FH         LINE#         292
  C:1727H         LINE#         293
  C:1727H         LINE#         294
  C:1727H         LINE#         295
  C:1729H         LINE#         297
  C:172CH         LINE#         298
  -------         ENDPROC       TEST_HC244_HC273
  -------         PROC          TEST_CHUANBIN
  -------         DO            
  D:0009H         SYMBOL        data8
  -------         ENDDO         
  C:14E3H         LINE#         299
  C:14E3H         LINE#         301
  C:14ECH         LINE#         302
BL51 BANKED LINKER/LOCATER V6.22                                                      05/27/2025  14:42:26  PAGE 13


  C:14F5H         LINE#         303
  C:1501H         LINE#         304
  C:1507H         LINE#         305
  C:1518H         LINE#         306
  C:1526H         LINE#         307
  C:152BH         LINE#         308
  C:152EH         LINE#         309
  C:1537H         LINE#         310
  C:153FH         LINE#         311
  C:1547H         LINE#         312
  C:1547H         LINE#         313
  C:1547H         LINE#         314
  C:1549H         LINE#         315
  C:154CH         LINE#         316
  -------         ENDPROC       TEST_CHUANBIN
  -------         PROC          TEST_138
  C:0E9FH         LINE#         317
  C:0E9FH         LINE#         318
  C:0EA8H         LINE#         319
  C:0EB4H         LINE#         320
  C:0EBDH         LINE#         321
  C:0ED4H         LINE#         322
  C:0EE2H         LINE#         323
  C:0EFCH         LINE#         324
  C:0F23H         LINE#         325
  C:0F4DH         LINE#         326
  C:0F56H         LINE#         327
  C:0F5FH         LINE#         328
  C:0F5FH         LINE#         329
  C:0F5FH         LINE#         330
  C:0F62H         LINE#         331
  C:0F65H         LINE#         332
  -------         ENDPROC       TEST_138
  -------         PROC          TEST_8LED
  C:154DH         LINE#         335
  C:154DH         LINE#         337
  C:1550H         LINE#         338
  C:1559H         LINE#         339
  C:155FH         LINE#         340
  C:1565H         LINE#         341
  C:1576H         LINE#         342
  C:1584H         LINE#         343
  C:15A0H         LINE#         344
  C:15A8H         LINE#         345
  C:15B0H         LINE#         346
  C:15B0H         LINE#         347
  C:15B0H         LINE#         348
  C:15B2H         LINE#         350
  C:15B5H         LINE#         351
  -------         ENDPROC       TEST_8LED
  -------         PROC          TEST_8ANJIAN
  -------         DO            
  D:0007H         SYMBOL        i
  -------         ENDDO         
  C:172DH         LINE#         352
  C:172DH         LINE#         354
  C:1730H         LINE#         355
BL51 BANKED LINKER/LOCATER V6.22                                                      05/27/2025  14:42:26  PAGE 14


  C:1739H         LINE#         356
  C:173FH         LINE#         357
  C:1745H         LINE#         358
  C:1756H         LINE#         359
  C:1764H         LINE#         360
  C:176FH         LINE#         361
  C:1777H         LINE#         362
  C:177FH         LINE#         363
  C:177FH         LINE#         364
  C:177FH         LINE#         365
  C:1781H         LINE#         367
  C:1784H         LINE#         368
  -------         ENDPROC       TEST_8ANJIAN
  -------         PROC          TEST_8KAIGUAN
  -------         DO            
  D:0007H         SYMBOL        i
  -------         ENDDO         
  C:1785H         LINE#         369
  C:1785H         LINE#         371
  C:1788H         LINE#         372
  C:178EH         LINE#         373
  C:1797H         LINE#         374
  C:179DH         LINE#         375
  C:17AEH         LINE#         376
  C:17BCH         LINE#         377
  C:17C7H         LINE#         378
  C:17CFH         LINE#         379
  C:17D7H         LINE#         380
  C:17D7H         LINE#         381
  C:17D7H         LINE#         382
  C:17D9H         LINE#         384
  C:17DCH         LINE#         385
  -------         ENDPROC       TEST_8KAIGUAN
  -------         PROC          TEST_SMGANJIAN
  C:1833H         LINE#         388
  C:1833H         LINE#         389
  C:1833H         LINE#         390
  C:1836H         LINE#         391
  C:1842H         LINE#         392
  C:1848H         LINE#         393
  C:1859H         LINE#         394
  C:1867H         LINE#         395
  C:186CH         LINE#         396
  C:1874H         LINE#         397
  C:187CH         LINE#         398
  C:187CH         LINE#         399
  C:187CH         LINE#         400
  C:187EH         LINE#         402
  C:1880H         LINE#         403
  C:1882H         LINE#         404
  C:1885H         LINE#         405
  -------         ENDPROC       TEST_SMGANJIAN
  -------         PROC          TEST_A2_16_16LED
  C:0DCCH         LINE#         407
  C:0DCCH         LINE#         408
  C:0DCCH         LINE#         409
  C:0DD5H         LINE#         410
BL51 BANKED LINKER/LOCATER V6.22                                                      05/27/2025  14:42:26  PAGE 15


  C:0DE1H         LINE#         411
  C:0DE7H         LINE#         412
  C:0DECH         LINE#         413
  C:0DEEH         LINE#         414
  C:0DF7H         LINE#         415
  C:0E0EH         LINE#         416
  C:0E1CH         LINE#         417
  C:0E35H         LINE#         418
  C:0E4FH         LINE#         419
  C:0E69H         LINE#         420
  C:0E86H         LINE#         421
  C:0E8FH         LINE#         422
  C:0E98H         LINE#         423
  C:0E98H         LINE#         424
  C:0E98H         LINE#         425
  C:0E9BH         LINE#         427
  C:0E9EH         LINE#         428
  -------         ENDPROC       TEST_A2_16_16LED
  -------         PROC          TEST_B1_ISD1420
  C:1677H         LINE#         430
  C:1677H         LINE#         431
  C:1679H         LINE#         432
  C:1685H         LINE#         433
  C:1689H         LINE#         434
  C:168FH         LINE#         435
  C:16A0H         LINE#         436
  C:16B0H         LINE#         437
  C:16BFH         LINE#         438
  C:16C7H         LINE#         439
  C:16CFH         LINE#         440
  C:16CFH         LINE#         441
  C:16CFH         LINE#         442
  C:16D1H         LINE#         444
  C:16D4H         LINE#         445
  -------         ENDPROC       TEST_B1_ISD1420
  -------         PROC          TEST_B2_TLC549
  -------         DO            
  D:0009H         SYMBOL        adc_value
  -------         ENDDO         
  C:12F3H         LINE#         446
  C:12F3H         LINE#         447
  C:12F3H         LINE#         448
  C:12FCH         LINE#         449
  C:1308H         LINE#         450
  C:130BH         LINE#         451
  C:1311H         LINE#         452
  C:1322H         LINE#         453
  C:1330H         LINE#         454
  C:1335H         LINE#         455
  C:1346H         LINE#         456
  C:135AH         LINE#         457
  C:1363H         LINE#         458
  C:136BH         LINE#         459
  C:1373H         LINE#         460
  C:1373H         LINE#         461
  C:1373H         LINE#         462
  C:1375H         LINE#         464
BL51 BANKED LINKER/LOCATER V6.22                                                      05/27/2025  14:42:26  PAGE 16


  C:1378H         LINE#         465
  -------         ENDPROC       TEST_B2_TLC549
  -------         PROC          TEST_B3_DAC0832
  C:15B6H         LINE#         466
  C:15B6H         LINE#         467
  C:15B6H         LINE#         468
  C:15BFH         LINE#         469
  C:15C2H         LINE#         470
  C:15C8H         LINE#         471
  C:15D9H         LINE#         472
  C:15E7H         LINE#         473
  C:15ECH         LINE#         474
  C:15F3H         LINE#         475
  C:15F9H         LINE#         476
  C:1602H         LINE#         477
  C:160AH         LINE#         478
  C:1612H         LINE#         479
  C:1612H         LINE#         480
  C:1612H         LINE#         481
  C:1614H         LINE#         483
  C:1617H         LINE#         484
  -------         ENDPROC       TEST_B3_DAC0832
  -------         PROC          TEST_B4_ADC0809
  -------         DO            
  D:0009H         SYMBOL        getdata
  D:000BH         SYMBOL        i
  -------         ENDDO         
  C:0F66H         LINE#         485
  C:0F66H         LINE#         486
  C:0F66H         LINE#         487
  C:0F6BH         LINE#         488
  C:0F6DH         LINE#         489
  C:0F6FH         LINE#         490
  C:0F72H         LINE#         491
  C:0F75H         LINE#         492
  C:0F78H         LINE#         493
  C:0F7AH         LINE#         494
  C:0F86H         LINE#         495
  C:0F8FH         LINE#         496
  C:0F98H         LINE#         497
  C:0FA9H         LINE#         498
  C:0FB7H         LINE#         499
  C:0FBCH         LINE#         500
  C:0FD5H         LINE#         501
  C:0FDEH         LINE#         502
  C:0FF1H         LINE#         503
  C:100EH         LINE#         504
  C:1017H         LINE#         505
  C:1020H         LINE#         506
  C:1020H         LINE#         507
  C:1020H         LINE#         508
  C:1023H         LINE#         510
  C:1028H         LINE#         511
  -------         ENDPROC       TEST_B4_ADC0809
  -------         PROC          TEST_C2_TLC561
  C:1475H         LINE#         512
  C:1475H         LINE#         513
BL51 BANKED LINKER/LOCATER V6.22                                                      05/27/2025  14:42:26  PAGE 17


  C:1475H         LINE#         514
  C:147EH         LINE#         515
  C:148AH         LINE#         516
  C:1490H         LINE#         517
  C:14A1H         LINE#         518
  C:14AFH         LINE#         519
  C:14B6H         LINE#         520
  C:14BDH         LINE#         522
  C:14C4H         LINE#         523
  C:14CDH         LINE#         524
  C:14D5H         LINE#         525
  C:14DDH         LINE#         526
  C:14DDH         LINE#         527
  C:14DDH         LINE#         528
  C:14DFH         LINE#         530
  C:14E2H         LINE#         531
  -------         ENDPROC       TEST_C2_TLC561
  -------         PROC          TEST_D1_STEPMOTOR
  C:1379H         LINE#         533
  C:1379H         LINE#         534
  C:1379H         LINE#         535
  C:1382H         LINE#         536
  C:1385H         LINE#         537
  C:138BH         LINE#         538
  C:139CH         LINE#         539
  C:13AAH         LINE#         540
  C:13B9H         LINE#         541
  C:13C8H         LINE#         542
  C:13D7H         LINE#         543
  C:13E8H         LINE#         544
  C:13F0H         LINE#         545
  C:13F8H         LINE#         546
  C:13F8H         LINE#         547
  C:13F8H         LINE#         548
  C:13FAH         LINE#         550
  C:13FDH         LINE#         551
  -------         ENDPROC       TEST_D1_STEPMOTOR
  -------         PROC          TEST_D3_24C02
  C:13FEH         LINE#         552
  C:13FEH         LINE#         553
  C:13FEH         LINE#         555
  C:1407H         LINE#         557
  C:1410H         LINE#         558
  C:1413H         LINE#         559
  C:1419H         LINE#         560
  C:142AH         LINE#         561
  C:1438H         LINE#         562
  C:144DH         LINE#         563
  C:1456H         LINE#         564
  C:145FH         LINE#         565
  C:1467H         LINE#         566
  C:146FH         LINE#         567
  C:146FH         LINE#         568
  C:146FH         LINE#         569
  C:1471H         LINE#         571
  C:1474H         LINE#         572
  -------         ENDPROC       TEST_D3_24C02
BL51 BANKED LINKER/LOCATER V6.22                                                      05/27/2025  14:42:26  PAGE 18


  -------         PROC          TEST_D3_PCF
  -------         DO            
  D:0009H         SYMBOL        i
  -------         ENDDO         
  C:1029H         LINE#         573
  C:1029H         LINE#         574
  C:1029H         LINE#         575
  C:102CH         LINE#         576
  C:1035H         LINE#         577
  C:103EH         LINE#         578
  C:104FH         LINE#         579
  C:105DH         LINE#         580
  C:1066H         LINE#         581
  C:1077H         LINE#         583
  C:1084H         LINE#         584
  C:109DH         LINE#         585
  C:10A9H         LINE#         586
  C:10B1H         LINE#         587
  C:10BAH         LINE#         588
  C:10BAH         LINE#         589
  C:10BAH         LINE#         590
  C:10BDH         LINE#         592
  C:10C0H         LINE#         593
  -------         ENDPROC       TEST_D3_PCF
  -------         PROC          TEST_F8_DS18B20
  -------         DO            
  D:0009H         SYMBOL        value_temp
  -------         ENDDO         
  C:126BH         LINE#         596
  C:126BH         LINE#         597
  C:126BH         LINE#         598
  C:1274H         LINE#         599
  C:127AH         LINE#         600
  C:1280H         LINE#         601
  C:1291H         LINE#         602
  C:129FH         LINE#         603
  C:12A9H         LINE#         604
  C:12B6H         LINE#         605
  C:12D4H         LINE#         606
  C:12DDH         LINE#         607
  C:12E5H         LINE#         608
  C:12EDH         LINE#         609
  C:12EDH         LINE#         610
  C:12EDH         LINE#         611
  C:12EFH         LINE#         613
  C:12F2H         LINE#         614
  -------         ENDPROC       TEST_F8_DS18B20
  -------         PROC          RESULT_DISPLAY
  C:0C71H         LINE#         615
  C:0C71H         LINE#         616
  C:0C71H         LINE#         617
  C:0C7AH         LINE#         619
  C:0C88H         LINE#         621
  C:0C96H         LINE#         622
  C:0CA4H         LINE#         623
  C:0CB2H         LINE#         624
  C:0CBBH         LINE#         625
BL51 BANKED LINKER/LOCATER V6.22                                                      05/27/2025  14:42:26  PAGE 19


  C:0CC9H         LINE#         626
  C:0CD7H         LINE#         627
  C:0CE5H         LINE#         628
  C:0CF3H         LINE#         629
  C:0D01H         LINE#         630
  C:0D0AH         LINE#         631
  C:0D18H         LINE#         632
  C:0D26H         LINE#         633
  C:0D34H         LINE#         634
  C:0D42H         LINE#         635
  C:0D4BH         LINE#         636
  C:0D59H         LINE#         637
  C:0D67H         LINE#         638
  C:0D75H         LINE#         639
  C:0D7EH         LINE#         640
  C:0D8CH         LINE#         641
  C:0D9AH         LINE#         642
  C:0DA8H         LINE#         643
  C:0DB6H         LINE#         644
  C:0DBFH         LINE#         645
  C:0DCBH         LINE#         647
  -------         ENDPROC       RESULT_DISPLAY
  -------         PROC          TLC549_INIT
  C:0006H         LINE#         651
  C:0006H         LINE#         652
  C:0008H         LINE#         653
  C:000AH         LINE#         654
  -------         ENDPROC       TLC549_INIT
  -------         PROC          TLC549_READBYTE
  -------         DO            
  D:0006H         SYMBOL        i
  D:0007H         SYMBOL        dat
  -------         ENDDO         
  C:1DF2H         LINE#         656
  C:1DF2H         LINE#         657
  C:1DF4H         LINE#         658
  C:1DF6H         LINE#         659
  C:1DF7H         LINE#         660
  C:1DFBH         LINE#         661
  C:1DFDH         LINE#         662
  C:1E03H         LINE#         663
  C:1E05H         LINE#         664
  C:1E09H         LINE#         665
  C:1E0BH         LINE#         666
  C:1E0BH         LINE#         667
  -------         ENDPROC       TLC549_READBYTE
  -------         PROC          T0X
  C:1EA5H         LINE#         669
  C:1EA5H         LINE#         671
  C:1EA7H         LINE#         672
  -------         ENDPROC       T0X
  -------         PROC          _TLC5615_WRITE
  D:0004H         SYMBOL        data1
  -------         DO            
  D:0003H         SYMBOL        i
  -------         ENDDO         
  C:1BC5H         LINE#         674
BL51 BANKED LINKER/LOCATER V6.22                                                      05/27/2025  14:42:26  PAGE 20


  C:1BC9H         LINE#         676
  C:1BCBH         LINE#         679
  C:1BD8H         LINE#         681
  C:1BDAH         LINE#         682
  C:1BDCH         LINE#         683
  C:1BE6H         LINE#         684
  C:1BEDH         LINE#         685
  C:1BEFH         LINE#         686
  C:1BF0H         LINE#         687
  C:1BF4H         LINE#         688
  C:1BF6H         LINE#         689
  C:1BF8H         LINE#         690
  -------         ENDPROC       _TLC5615_WRITE
  -------         PROC          HC165_READBYTE
  -------         DO            
  D:0006H         SYMBOL        i
  D:0007H         SYMBOL        dat
  -------         ENDDO         
  C:1D80H         LINE#         693
  C:1D80H         LINE#         695
  C:1D82H         LINE#         696
  C:1D84H         LINE#         697
  C:1D85H         LINE#         698
  C:1D87H         LINE#         700
  C:1D88H         LINE#         701
  C:1D8CH         LINE#         702
  C:1D92H         LINE#         704
  C:1D94H         LINE#         705
  C:1D95H         LINE#         706
  C:1D97H         LINE#         707
  C:1D98H         LINE#         708
  C:1D9CH         LINE#         709
  C:1D9CH         LINE#         710
  -------         ENDPROC       HC165_READBYTE
  -------         PROC          _HC164_SENDBYTE
  D:0007H         SYMBOL        dat
  -------         DO            
  D:0006H         SYMBOL        i
  -------         ENDDO         
  C:1D42H         LINE#         712
  C:1D42H         LINE#         714
  C:1D44H         LINE#         715
  C:1D56H         LINE#         716
  C:1D58H         LINE#         717
  C:1D59H         LINE#         718
  C:1D5BH         LINE#         719
  C:1D5CH         LINE#         720
  C:1D60H         LINE#         721
  -------         ENDPROC       _HC164_SENDBYTE
  -------         PROC          _DELAY_10US
  D:0006H         SYMBOL        ten_us
  C:1E7CH         LINE#         723
  C:1E7CH         LINE#         724
  C:1E7CH         LINE#         725
  C:1E86H         LINE#         726
  -------         ENDPROC       _DELAY_10US
  -------         PROC          _DELAYMS
BL51 BANKED LINKER/LOCATER V6.22                                                      05/27/2025  14:42:26  PAGE 21


  D:0006H         SYMBOL        i
  -------         DO            
  D:000DH         SYMBOL        ii
  D:000EH         SYMBOL        j
  -------         ENDDO         
  C:1D03H         LINE#         727
  C:1D03H         LINE#         728
  C:1D03H         LINE#         730
  C:1D0EH         LINE#         731
  C:1D0EH         LINE#         733
  C:1D0FH         LINE#         734
  C:1D12H         LINE#         735
  C:1D15H         LINE#         737
  C:1D15H         LINE#         738
  C:1D18H         LINE#         739
  C:1D1BH         LINE#         740
  C:1D22H         LINE#         741
  -------         ENDPROC       _DELAYMS
  -------         PROC          DS18B20_RESET
  C:000EH         LINE#         748
  C:000EH         LINE#         749
  C:000EH         LINE#         750
  C:0010H         LINE#         751
  C:0017H         LINE#         752
  C:0019H         LINE#         753
  C:0020H         LINE#         754
  -------         ENDPROC       DS18B20_RESET
  -------         PROC          DS18B20_CHECK
  -------         DO            
  D:0005H         SYMBOL        time_temp
  -------         ENDDO         
  C:1AD7H         LINE#         761
  C:1AD7H         LINE#         762
  C:1AD7H         LINE#         763
  C:1AD9H         LINE#         765
  C:1AE2H         LINE#         766
  C:1AE2H         LINE#         767
  C:1AE3H         LINE#         768
  C:1AEAH         LINE#         769
  C:1AECH         LINE#         770
  C:1AF5H         LINE#         771
  C:1AF7H         LINE#         772
  C:1B00H         LINE#         773
  C:1B00H         LINE#         774
  C:1B01H         LINE#         775
  C:1B08H         LINE#         776
  C:1B0AH         LINE#         777
  C:1B13H         LINE#         778
  C:1B15H         LINE#         779
  -------         ENDPROC       DS18B20_CHECK
  -------         PROC          DS18B20_READ_BIT
  -------         DO            
  D:0005H         SYMBOL        dat
  -------         ENDDO         
  C:1DBAH         LINE#         787
  C:1DBAH         LINE#         788
  C:1DBAH         LINE#         789
BL51 BANKED LINKER/LOCATER V6.22                                                      05/27/2025  14:42:26  PAGE 22


  C:1DBCH         LINE#         791
  C:1DBEH         LINE#         792
  C:1DC0H         LINE#         793
  C:1DC2H         LINE#         794
  C:1DC4H         LINE#         795
  C:1DCAH         LINE#         796
  C:1DCCH         LINE#         797
  C:1DD3H         LINE#         798
  C:1DD5H         LINE#         799
  -------         ENDPROC       DS18B20_READ_BIT
  -------         PROC          DS18B20_READ_BYTE
  -------         DO            
  D:0003H         SYMBOL        i
  D:0002H         SYMBOL        dat
  D:0001H         SYMBOL        temp
  -------         ENDDO         
  C:1D9DH         LINE#         807
  C:1D9DH         LINE#         808
  C:1D9DH         LINE#         809
  C:1D9FH         LINE#         810
  C:1DA0H         LINE#         811
  C:1DA1H         LINE#         813
  C:1DA1H         LINE#         814
  C:1DA1H         LINE#         815
  C:1DA6H         LINE#         816
  C:1DB3H         LINE#         817
  C:1DB7H         LINE#         818
  C:1DB9H         LINE#         819
  -------         ENDPROC       DS18B20_READ_BYTE
  -------         PROC          _DS18B20_WRITE_BYTE
  D:0005H         SYMBOL        dat
  -------         DO            
  D:0003H         SYMBOL        i
  D:0002H         SYMBOL        temp
  -------         ENDDO         
  C:1C2BH         LINE#         826
  C:1C2DH         LINE#         827
  C:1C2DH         LINE#         828
  C:1C2FH         LINE#         829
  C:1C30H         LINE#         830
  C:1C30H         LINE#         831
  C:1C30H         LINE#         832
  C:1C34H         LINE#         833
  C:1C38H         LINE#         834
  C:1C3BH         LINE#         835
  C:1C3DH         LINE#         836
  C:1C3FH         LINE#         837
  C:1C41H         LINE#         838
  C:1C48H         LINE#         839
  C:1C4AH         LINE#         840
  C:1C4AH         LINE#         841
  C:1C4CH         LINE#         842
  C:1C53H         LINE#         843
  C:1C55H         LINE#         844
  C:1C57H         LINE#         845
  C:1C57H         LINE#         846
  C:1C5BH         LINE#         847
BL51 BANKED LINKER/LOCATER V6.22                                                      05/27/2025  14:42:26  PAGE 23


  -------         ENDPROC       _DS18B20_WRITE_BYTE
  -------         PROC          DS18B20_START
  C:1E5FH         LINE#         855
  C:1E5FH         LINE#         856
  C:1E5FH         LINE#         857
  C:1E62H         LINE#         858
  C:1E65H         LINE#         859
  C:1E6AH         LINE#         860
  C:1E6FH         LINE#         861
  -------         ENDPROC       DS18B20_START
  -------         PROC          DS18B20_INIT
  C:1E97H         LINE#         869
  C:1E97H         LINE#         870
  C:1E97H         LINE#         871
  C:1E9AH         LINE#         872
  C:1E9DH         LINE#         873
  -------         ENDPROC       DS18B20_INIT
  -------         PROC          DS18B20_READ_TEMPERTURE
  -------         DO            
  D:000BH         SYMBOL        temp
  D:000FH         SYMBOL        dath
  D:0010H         SYMBOL        datl
  D:0011H         SYMBOL        value
  -------         ENDDO         
  C:11E1H         LINE#         881
  C:11E1H         LINE#         882
  C:11E1H         LINE#         884
  C:11E4H         LINE#         885
  C:11E6H         LINE#         886
  C:11EAH         LINE#         888
  C:11EDH         LINE#         889
  C:11F0H         LINE#         890
  C:11F3H         LINE#         891
  C:11F8H         LINE#         892
  C:11FDH         LINE#         894
  C:1202H         LINE#         895
  C:1207H         LINE#         896
  C:1214H         LINE#         898
  C:121CH         LINE#         899
  C:121CH         LINE#         900
  C:122DH         LINE#         901
  C:1246H         LINE#         902
  C:1248H         LINE#         904
  C:1248H         LINE#         905
  C:1262H         LINE#         906
  C:1262H         LINE#         907
  C:126AH         LINE#         909
  -------         ENDPROC       DS18B20_READ_TEMPERTURE
  -------         PROC          UART_INIT
  C:1E3AH         LINE#         915
  C:1E3AH         LINE#         916
  C:1E3DH         LINE#         917
  C:1E40H         LINE#         918
  C:1E43H         LINE#         919
  C:1E46H         LINE#         920
  C:1E48H         LINE#         921
  C:1E4AH         LINE#         922
BL51 BANKED LINKER/LOCATER V6.22                                                      05/27/2025  14:42:26  PAGE 24


  C:1E4CH         LINE#         923
  -------         ENDPROC       UART_INIT
  -------         PROC          _UART_SENDBYTE
  D:0007H         SYMBOL        dat
  C:1E87H         LINE#         929
  C:1E87H         LINE#         930
  C:1E89H         LINE#         931
  C:1E8CH         LINE#         932
  C:1E8EH         LINE#         933
  -------         ENDPROC       _UART_SENDBYTE
  -------         PROC          _UART_SENDSTRING
  D:000DH         SYMBOL        str
  C:1CB9H         LINE#         939
  C:1CBFH         LINE#         940
  C:1CCAH         LINE#         941
  C:1CDBH         LINE#         942
  C:1CDDH         LINE#         943
  -------         ENDPROC       _UART_SENDSTRING
  -------         PROC          UART_ISR
  C:10C1H         LINE#         947
  C:10C5H         LINE#         948
  C:10CBH         LINE#         949
  C:10CDH         LINE#         950
  C:10D0H         LINE#         953
  C:10DAH         LINE#         954
  C:10E4H         LINE#         955
  C:10EEH         LINE#         956
  C:10F8H         LINE#         957
  C:1102H         LINE#         958
  C:110CH         LINE#         959
  C:1116H         LINE#         960
  C:1120H         LINE#         961
  C:112AH         LINE#         962
  C:1134H         LINE#         963
  C:113EH         LINE#         964
  C:1148H         LINE#         965
  C:1150H         LINE#         966
  C:1150H         LINE#         968
  -------         ENDPROC       UART_ISR
  -------         PROC          IIC_START
  C:1CDEH         LINE#         973
  C:1CDEH         LINE#         974
  C:1CDEH         LINE#         975
  C:1CE0H         LINE#         976
  C:1CE7H         LINE#         977
  C:1CE9H         LINE#         978
  C:1CF0H         LINE#         979
  C:1CF2H         LINE#         980
  C:1CF9H         LINE#         981
  C:1CFBH         LINE#         982
  C:1D02H         LINE#         983
  -------         ENDPROC       IIC_START
  -------         PROC          IIC_STOP
  C:1DD6H         LINE#         990
  C:1DD6H         LINE#         991
  C:1DD6H         LINE#         992
  C:1DD8H         LINE#         993
BL51 BANKED LINKER/LOCATER V6.22                                                      05/27/2025  14:42:26  PAGE 25


  C:1DDFH         LINE#         994
  C:1DE1H         LINE#         995
  C:1DE8H         LINE#         996
  C:1DEAH         LINE#         997
  C:1DF1H         LINE#         998
  -------         ENDPROC       IIC_STOP
  -------         PROC          IIC_ACK
  C:1E0CH         LINE#         1005
  C:1E0CH         LINE#         1006
  C:1E0CH         LINE#         1007
  C:1E0EH         LINE#         1008
  C:1E10H         LINE#         1009
  C:1E17H         LINE#         1010
  C:1E19H         LINE#         1011
  C:1E20H         LINE#         1012
  C:1E22H         LINE#         1013
  -------         ENDPROC       IIC_ACK
  -------         PROC          IIC_NACK
  C:1E23H         LINE#         1020
  C:1E23H         LINE#         1021
  C:1E23H         LINE#         1022
  C:1E25H         LINE#         1023
  C:1E27H         LINE#         1024
  C:1E2EH         LINE#         1025
  C:1E30H         LINE#         1026
  C:1E37H         LINE#         1027
  C:1E39H         LINE#         1028
  -------         ENDPROC       IIC_NACK
  -------         PROC          IIC_WAIT_ACK
  -------         DO            
  D:0005H         SYMBOL        time_temp
  -------         ENDDO         
  C:1D61H         LINE#         1036
  C:1D61H         LINE#         1037
  C:1D61H         LINE#         1038
  C:1D63H         LINE#         1040
  C:1D65H         LINE#         1041
  C:1D6BH         LINE#         1042
  C:1D6EH         LINE#         1043
  C:1D6EH         LINE#         1044
  C:1D6FH         LINE#         1045
  C:1D75H         LINE#         1046
  C:1D75H         LINE#         1047
  C:1D78H         LINE#         1048
  C:1D7BH         LINE#         1049
  C:1D7BH         LINE#         1050
  C:1D7BH         LINE#         1051
  C:1D7DH         LINE#         1052
  C:1D7FH         LINE#         1053
  -------         ENDPROC       IIC_WAIT_ACK
  -------         PROC          _IIC_WRITE_BYTE
  D:0005H         SYMBOL        dat
  -------         DO            
  D:0003H         SYMBOL        i
  -------         ENDDO         
  C:1B8FH         LINE#         1060
  C:1B91H         LINE#         1061
BL51 BANKED LINKER/LOCATER V6.22                                                      05/27/2025  14:42:26  PAGE 26


  C:1B91H         LINE#         1062
  C:1B93H         LINE#         1064
  C:1B95H         LINE#         1065
  C:1B95H         LINE#         1066
  C:1B95H         LINE#         1067
  C:1B9DH         LINE#         1068
  C:1BA1H         LINE#         1070
  C:1BA3H         LINE#         1071
  C:1BA7H         LINE#         1072
  C:1BAEH         LINE#         1073
  C:1BB0H         LINE#         1074
  C:1BB7H         LINE#         1075
  C:1BB9H         LINE#         1076
  C:1BC0H         LINE#         1077
  C:1BC4H         LINE#         1078
  -------         ENDPROC       _IIC_WRITE_BYTE
  -------         PROC          _IIC_READ_BYTE
  D:0005H         SYMBOL        ack
  -------         DO            
  D:0003H         SYMBOL        i
  D:0002H         SYMBOL        receive
  -------         ENDDO         
  C:1C5CH         LINE#         1085
  C:1C5EH         LINE#         1086
  C:1C5EH         LINE#         1087
  C:1C61H         LINE#         1089
  C:1C61H         LINE#         1090
  C:1C61H         LINE#         1091
  C:1C63H         LINE#         1092
  C:1C6AH         LINE#         1093
  C:1C6CH         LINE#         1094
  C:1C70H         LINE#         1095
  C:1C74H         LINE#         1096
  C:1C7BH         LINE#         1097
  C:1C7FH         LINE#         1098
  C:1C82H         LINE#         1099
  C:1C87H         LINE#         1101
  C:1C8AH         LINE#         1103
  C:1C8CH         LINE#         1104
  -------         ENDPROC       _IIC_READ_BYTE
  -------         PROC          _ZLG7290_SETLED
  D:0007H         SYMBOL        digit
  D:0003H         SYMBOL        value
  C:1E70H         LINE#         1106
  C:1E72H         LINE#         1107
  C:1E72H         LINE#         1109
  C:1E7BH         LINE#         1111
  -------         ENDPROC       _ZLG7290_SETLED
  -------         PROC          ZLG7290_READKEY
  C:1E8FH         LINE#         1112
  C:1E8FH         LINE#         1113
  C:1E8FH         LINE#         1115
  C:1E96H         LINE#         1116
  -------         ENDPROC       ZLG7290_READKEY
  -------         PROC          _IIC_WRITE
  D:0009H         SYMBOL        dev_addr
  D:0002H         SYMBOL        write_addr
BL51 BANKED LINKER/LOCATER V6.22                                                      05/27/2025  14:42:26  PAGE 27


  D:0001H         SYMBOL        dat
  C:1C8DH         LINE#         1121
  C:1C93H         LINE#         1122
  C:1C96H         LINE#         1123
  C:1C9BH         LINE#         1124
  C:1C9EH         LINE#         1125
  C:1CA3H         LINE#         1126
  C:1CA6H         LINE#         1127
  C:1CABH         LINE#         1128
  C:1CAEH         LINE#         1129
  C:1CB1H         LINE#         1130
  C:1CB8H         LINE#         1131
  -------         ENDPROC       _IIC_WRITE
  -------         PROC          _IIC_READ
  D:0002H         SYMBOL        dev_addr
  D:000AH         SYMBOL        read_addr
  -------         DO            
  D:0001H         SYMBOL        temp
  -------         ENDDO         
  C:1BF9H         LINE#         1132
  C:1BFDH         LINE#         1133
  C:1BFDH         LINE#         1134
  C:1BFFH         LINE#         1135
  C:1C02H         LINE#         1136
  C:1C07H         LINE#         1137
  C:1C0AH         LINE#         1138
  C:1C0FH         LINE#         1139
  C:1C12H         LINE#         1140
  C:1C15H         LINE#         1141
  C:1C1BH         LINE#         1142
  C:1C1EH         LINE#         1143
  C:1C25H         LINE#         1144
  C:1C28H         LINE#         1145
  C:1C2AH         LINE#         1146
  -------         ENDPROC       _IIC_READ
  -------         PROC          INT0_INIT
  C:1E9EH         LINE#         1149
  C:1E9EH         LINE#         1150
  C:1EA0H         LINE#         1151
  C:1EA2H         LINE#         1152
  C:1EA4H         LINE#         1153
  -------         ENDPROC       INT0_INIT
  -------         PROC          INT0_ISR
  C:1B16H         LINE#         1157
  C:1B33H         LINE#         1158
  C:1B38H         LINE#         1159
  -------         ENDPROC       INT0_ISR
  -------         PROC          _INT_TO_CHAR
  D:0004H         SYMBOL        dat
  C:1618H         LINE#         1161
  C:161CH         LINE#         1162
  C:161CH         LINE#         1163
  C:1635H         LINE#         1164
  C:1650H         LINE#         1165
  C:166BH         LINE#         1166
  C:1674H         LINE#         1167
  C:1676H         LINE#         1168
BL51 BANKED LINKER/LOCATER V6.22                                                      05/27/2025  14:42:26  PAGE 28


  -------         ENDPROC       _INT_TO_CHAR
  -------         PROC          SMG_ANJIAN
  C:1B53H         LINE#         1171
  C:1B53H         LINE#         1172
  C:1B69H         LINE#         1173
  C:1B8EH         LINE#         1174
  -------         ENDPROC       SMG_ANJIAN
  -------         ENDMOD        TEST_ROUTINE

  -------         MODULE        ?C?FPMUL
  C:0A1EH         PUBLIC        ?C?FPMUL
  -------         ENDMOD        ?C?FPMUL

  -------         MODULE        ?C?FCAST
  C:0B2EH         PUBLIC        ?C?FCASTC
  C:0B29H         PUBLIC        ?C?FCASTI
  C:0B24H         PUBLIC        ?C?FCASTL
  -------         ENDMOD        ?C?FCAST

  -------         MODULE        ?C?CASTF
  C:0B62H         PUBLIC        ?C?CASTF
  -------         ENDMOD        ?C?CASTF

  -------         MODULE        ?C?CLDPTR
  C:0BE3H         PUBLIC        ?C?CLDPTR
  -------         ENDMOD        ?C?CLDPTR

  -------         MODULE        ?C?IMUL
  C:0BFCH         PUBLIC        ?C?IMUL
  -------         ENDMOD        ?C?IMUL

  -------         MODULE        ?C?UIDIV
  C:0C0EH         PUBLIC        ?C?UIDIV
  -------         ENDMOD        ?C?UIDIV

  -------         MODULE        ?C?LNEG
  C:0C63H         PUBLIC        ?C?LNEG
  -------         ENDMOD        ?C?LNEG

*** WARNING L15: MULTIPLE CALL TO SEGMENT
    SEGMENT: ?PR?_IIC_READ?TEST_ROUTINE
    CALLER1: ?PR?INT0_ISR?TEST_ROUTINE
    CALLER2: ?C_C51STARTUP

Program Size: data=59.2 xdata=0 code=7846
LINK/LOCATE RUN COMPLETE.  1 WARNING(S),  0 ERROR(S)
